Archive member included because of file (symbol)

/usr/local/CrossPack-AVR-20131216/lib/gcc/avr/4.8.1/../../../../avr/lib/avr5/libm.a(cmpsf2.o)
                              labth2.o (__ltsf2)
/usr/local/CrossPack-AVR-20131216/lib/gcc/avr/4.8.1/../../../../avr/lib/avr5/libm.a(fixunssfsi.o)
                              labth2.o (__fixunssfsi)
/usr/local/CrossPack-AVR-20131216/lib/gcc/avr/4.8.1/../../../../avr/lib/avr5/libm.a(fp_cmp.o)
                              /usr/local/CrossPack-AVR-20131216/lib/gcc/avr/4.8.1/../../../../avr/lib/avr5/libm.a(cmpsf2.o) (__fp_cmp)
/usr/local/CrossPack-AVR-20131216/lib/gcc/avr/4.8.1/../../../../avr/lib/avr5/libm.a(fp_split3.o)
                              /usr/local/CrossPack-AVR-20131216/lib/gcc/avr/4.8.1/../../../../avr/lib/avr5/libm.a(fixunssfsi.o) (__fp_splitA)
/usr/local/CrossPack-AVR-20131216/lib/gcc/avr/4.8.1/../../../../avr/lib/avr5/libm.a(fp_zero.o)
                              /usr/local/CrossPack-AVR-20131216/lib/gcc/avr/4.8.1/../../../../avr/lib/avr5/libm.a(fixunssfsi.o) (__fp_zero)
/usr/local/CrossPack-AVR-20131216/lib/gcc/avr/4.8.1/../../../../avr/lib/avr5/libm.a(gesf2.o)
                              labth2.o (__gtsf2)
/usr/local/CrossPack-AVR-20131216/lib/gcc/avr/4.8.1/../../../../avr/lib/avr5/libm.a(mulsf3.o)
                              labth2.o (__mulsf3)
/usr/local/CrossPack-AVR-20131216/lib/gcc/avr/4.8.1/../../../../avr/lib/avr5/libm.a(mulsf3x.o)
                              /usr/local/CrossPack-AVR-20131216/lib/gcc/avr/4.8.1/../../../../avr/lib/avr5/libm.a(mulsf3.o) (__mulsf3x)
/usr/local/CrossPack-AVR-20131216/lib/gcc/avr/4.8.1/../../../../avr/lib/avr5/libm.a(fp_inf.o)
                              /usr/local/CrossPack-AVR-20131216/lib/gcc/avr/4.8.1/../../../../avr/lib/avr5/libm.a(mulsf3x.o) (__fp_inf)
/usr/local/CrossPack-AVR-20131216/lib/gcc/avr/4.8.1/../../../../avr/lib/avr5/libm.a(fp_nan.o)
                              /usr/local/CrossPack-AVR-20131216/lib/gcc/avr/4.8.1/../../../../avr/lib/avr5/libm.a(mulsf3x.o) (__fp_nan)
/usr/local/CrossPack-AVR-20131216/lib/gcc/avr/4.8.1/../../../../avr/lib/avr5/libm.a(fp_pscA.o)
                              /usr/local/CrossPack-AVR-20131216/lib/gcc/avr/4.8.1/../../../../avr/lib/avr5/libm.a(mulsf3x.o) (__fp_pscA)
/usr/local/CrossPack-AVR-20131216/lib/gcc/avr/4.8.1/../../../../avr/lib/avr5/libm.a(fp_pscB.o)
                              /usr/local/CrossPack-AVR-20131216/lib/gcc/avr/4.8.1/../../../../avr/lib/avr5/libm.a(mulsf3x.o) (__fp_pscB)
/usr/local/CrossPack-AVR-20131216/lib/gcc/avr/4.8.1/../../../../avr/lib/avr5/libm.a(fp_round.o)
                              /usr/local/CrossPack-AVR-20131216/lib/gcc/avr/4.8.1/../../../../avr/lib/avr5/libm.a(mulsf3.o) (__fp_round)
/usr/local/CrossPack-AVR-20131216/lib/gcc/avr/4.8.1/avr5/libgcc.a(_mulsi3.o)
                              labth2.o (__mulsi3)
/usr/local/CrossPack-AVR-20131216/lib/gcc/avr/4.8.1/avr5/libgcc.a(_udivmodsi4.o)
                              labth2.o (__udivmodsi4)
/usr/local/CrossPack-AVR-20131216/lib/gcc/avr/4.8.1/avr5/libgcc.a(_exit.o)
                              /usr/local/CrossPack-AVR-20131216/lib/gcc/avr/4.8.1/../../../../avr/lib/avr5/crtm328p.o (exit)
/usr/local/CrossPack-AVR-20131216/lib/gcc/avr/4.8.1/avr5/libgcc.a(_copy_data.o)
                              labth2.o (__do_copy_data)
/usr/local/CrossPack-AVR-20131216/lib/gcc/avr/4.8.1/avr5/libgcc.a(_muluhisi3.o)
                              /usr/local/CrossPack-AVR-20131216/lib/gcc/avr/4.8.1/avr5/libgcc.a(_mulsi3.o) (__muluhisi3)
/usr/local/CrossPack-AVR-20131216/lib/gcc/avr/4.8.1/avr5/libgcc.a(_umulhisi3.o)
                              /usr/local/CrossPack-AVR-20131216/lib/gcc/avr/4.8.1/avr5/libgcc.a(_muluhisi3.o) (__umulhisi3)
/usr/local/CrossPack-AVR-20131216/lib/gcc/avr/4.8.1/../../../../avr/lib/avr5/libc.a(memset.o)
                              labth2.o (memset)
/usr/local/CrossPack-AVR-20131216/lib/gcc/avr/4.8.1/../../../../avr/lib/avr5/libc.a(sprintf.o)
                              labth2.o (sprintf)
/usr/local/CrossPack-AVR-20131216/lib/gcc/avr/4.8.1/../../../../avr/lib/avr5/libc.a(vfprintf_std.o)
                              /usr/local/CrossPack-AVR-20131216/lib/gcc/avr/4.8.1/../../../../avr/lib/avr5/libc.a(sprintf.o) (vfprintf)
/usr/local/CrossPack-AVR-20131216/lib/gcc/avr/4.8.1/../../../../avr/lib/avr5/libc.a(strnlen_P.o)
                              /usr/local/CrossPack-AVR-20131216/lib/gcc/avr/4.8.1/../../../../avr/lib/avr5/libc.a(vfprintf_std.o) (strnlen_P)
/usr/local/CrossPack-AVR-20131216/lib/gcc/avr/4.8.1/../../../../avr/lib/avr5/libc.a(strnlen.o)
                              /usr/local/CrossPack-AVR-20131216/lib/gcc/avr/4.8.1/../../../../avr/lib/avr5/libc.a(vfprintf_std.o) (strnlen)
/usr/local/CrossPack-AVR-20131216/lib/gcc/avr/4.8.1/../../../../avr/lib/avr5/libc.a(fputc.o)
                              /usr/local/CrossPack-AVR-20131216/lib/gcc/avr/4.8.1/../../../../avr/lib/avr5/libc.a(vfprintf_std.o) (fputc)
/usr/local/CrossPack-AVR-20131216/lib/gcc/avr/4.8.1/../../../../avr/lib/avr5/libc.a(ultoa_invert.o)
                              /usr/local/CrossPack-AVR-20131216/lib/gcc/avr/4.8.1/../../../../avr/lib/avr5/libc.a(vfprintf_std.o) (__ultoa_invert)
/usr/local/CrossPack-AVR-20131216/lib/gcc/avr/4.8.1/avr5/libgcc.a(_prologue.o)
                              /usr/local/CrossPack-AVR-20131216/lib/gcc/avr/4.8.1/../../../../avr/lib/avr5/libc.a(sprintf.o) (__prologue_saves__)
/usr/local/CrossPack-AVR-20131216/lib/gcc/avr/4.8.1/avr5/libgcc.a(_epilogue.o)
                              /usr/local/CrossPack-AVR-20131216/lib/gcc/avr/4.8.1/../../../../avr/lib/avr5/libc.a(sprintf.o) (__epilogue_restores__)

Memory Configuration

Name             Origin             Length             Attributes
text             0x00000000         0x00020000         xr
data             0x00800060         0x0000ffa0         rw !x
eeprom           0x00810000         0x00010000         rw !x
fuse             0x00820000         0x00000400         rw !x
lock             0x00830000         0x00000400         rw !x
signature        0x00840000         0x00000400         rw !x
user_signatures  0x00850000         0x00000400         rw !x
*default*        0x00000000         0xffffffff

Linker script and memory map

Address of section .data set to 0x800100
LOAD /usr/local/CrossPack-AVR-20131216/lib/gcc/avr/4.8.1/../../../../avr/lib/avr5/crtm328p.o
LOAD labth2.o
LOAD /usr/local/CrossPack-AVR-20131216/lib/gcc/avr/4.8.1/../../../../avr/lib/avr5/libm.a
START GROUP
LOAD /usr/local/CrossPack-AVR-20131216/lib/gcc/avr/4.8.1/avr5/libgcc.a
LOAD /usr/local/CrossPack-AVR-20131216/lib/gcc/avr/4.8.1/../../../../avr/lib/avr5/libm.a
LOAD /usr/local/CrossPack-AVR-20131216/lib/gcc/avr/4.8.1/../../../../avr/lib/avr5/libc.a
END GROUP

.hash
 *(.hash)

.dynsym
 *(.dynsym)

.dynstr
 *(.dynstr)

.gnu.version
 *(.gnu.version)

.gnu.version_d
 *(.gnu.version_d)

.gnu.version_r
 *(.gnu.version_r)

.rel.init
 *(.rel.init)

.rela.init
 *(.rela.init)

.rel.text
 *(.rel.text)
 *(.rel.text.*)
 *(.rel.gnu.linkonce.t*)

.rela.text
 *(.rela.text)
 *(.rela.text.*)
 *(.rela.gnu.linkonce.t*)

.rel.fini
 *(.rel.fini)

.rela.fini
 *(.rela.fini)

.rel.rodata
 *(.rel.rodata)
 *(.rel.rodata.*)
 *(.rel.gnu.linkonce.r*)

.rela.rodata
 *(.rela.rodata)
 *(.rela.rodata.*)
 *(.rela.gnu.linkonce.r*)

.rel.data
 *(.rel.data)
 *(.rel.data.*)
 *(.rel.gnu.linkonce.d*)

.rela.data
 *(.rela.data)
 *(.rela.data.*)
 *(.rela.gnu.linkonce.d*)

.rel.ctors
 *(.rel.ctors)

.rela.ctors
 *(.rela.ctors)

.rel.dtors
 *(.rel.dtors)

.rela.dtors
 *(.rela.dtors)

.rel.got
 *(.rel.got)

.rela.got
 *(.rela.got)

.rel.bss
 *(.rel.bss)

.rela.bss
 *(.rela.bss)

.rel.plt
 *(.rel.plt)

.rela.plt
 *(.rela.plt)

.text           0x00000000     0x1128
 *(.vectors)
 .vectors       0x00000000       0x68 /usr/local/CrossPack-AVR-20131216/lib/gcc/avr/4.8.1/../../../../avr/lib/avr5/crtm328p.o
                0x00000000                __vectors
                0x00000000                __vector_default
 *(.vectors)
 *(.progmem.gcc*)
                0x00000068                . = ALIGN (0x2)
                0x00000068                __trampolines_start = .
 *(.trampolines)
 .trampolines   0x00000068        0x0 linker stubs
 *(.trampolines*)
                0x00000068                __trampolines_end = .
 *(.progmem*)
                0x00000068                . = ALIGN (0x2)
 *(.jumptables)
 *(.jumptables*)
 *(.lowtext)
 *(.lowtext*)
                0x00000068                __ctors_start = .
 *(.ctors)
                0x00000068                __ctors_end = .
                0x00000068                __dtors_start = .
 *(.dtors)
                0x00000068                __dtors_end = .
 SORT(*)(.ctors)
 SORT(*)(.dtors)
 *(.init0)
 .init0         0x00000068        0x0 /usr/local/CrossPack-AVR-20131216/lib/gcc/avr/4.8.1/../../../../avr/lib/avr5/crtm328p.o
                0x00000068                __init
 *(.init0)
 *(.init1)
 *(.init1)
 *(.init2)
 .init2         0x00000068        0xc /usr/local/CrossPack-AVR-20131216/lib/gcc/avr/4.8.1/../../../../avr/lib/avr5/crtm328p.o
 *(.init2)
 *(.init3)
 *(.init3)
 *(.init4)
 .init4         0x00000074       0x16 /usr/local/CrossPack-AVR-20131216/lib/gcc/avr/4.8.1/avr5/libgcc.a(_copy_data.o)
                0x00000074                __do_copy_data
 *(.init4)
 *(.init5)
 *(.init5)
 *(.init6)
 *(.init6)
 *(.init7)
 *(.init7)
 *(.init8)
 *(.init8)
 *(.init9)
 .init9         0x0000008a        0x8 /usr/local/CrossPack-AVR-20131216/lib/gcc/avr/4.8.1/../../../../avr/lib/avr5/crtm328p.o
 *(.init9)
 *(.text)
 .text          0x00000092        0x4 /usr/local/CrossPack-AVR-20131216/lib/gcc/avr/4.8.1/../../../../avr/lib/avr5/crtm328p.o
                0x00000092                __vector_20
                0x00000092                __vector_1
                0x00000092                __vector_24
                0x00000092                __vector_12
                0x00000092                __bad_interrupt
                0x00000092                __vector_6
                0x00000092                __vector_3
                0x00000092                __vector_23
                0x00000092                __vector_25
                0x00000092                __vector_11
                0x00000092                __vector_13
                0x00000092                __vector_17
                0x00000092                __vector_19
                0x00000092                __vector_7
                0x00000092                __vector_5
                0x00000092                __vector_4
                0x00000092                __vector_9
                0x00000092                __vector_2
                0x00000092                __vector_21
                0x00000092                __vector_15
                0x00000092                __vector_8
                0x00000092                __vector_14
                0x00000092                __vector_10
                0x00000092                __vector_16
                0x00000092                __vector_18
                0x00000092                __vector_22
 .text          0x00000096      0x82e labth2.o
                0x00000096                main
 .text          0x000008c4        0x0 /usr/local/CrossPack-AVR-20131216/lib/gcc/avr/4.8.1/../../../../avr/lib/avr5/libm.a(cmpsf2.o)
 .text          0x000008c4        0x0 /usr/local/CrossPack-AVR-20131216/lib/gcc/avr/4.8.1/../../../../avr/lib/avr5/libm.a(fixunssfsi.o)
 .text          0x000008c4        0x0 /usr/local/CrossPack-AVR-20131216/lib/gcc/avr/4.8.1/../../../../avr/lib/avr5/libm.a(fp_cmp.o)
 .text          0x000008c4        0x0 /usr/local/CrossPack-AVR-20131216/lib/gcc/avr/4.8.1/../../../../avr/lib/avr5/libm.a(fp_split3.o)
 .text          0x000008c4        0x0 /usr/local/CrossPack-AVR-20131216/lib/gcc/avr/4.8.1/../../../../avr/lib/avr5/libm.a(fp_zero.o)
 .text          0x000008c4        0x0 /usr/local/CrossPack-AVR-20131216/lib/gcc/avr/4.8.1/../../../../avr/lib/avr5/libm.a(gesf2.o)
 .text          0x000008c4        0x0 /usr/local/CrossPack-AVR-20131216/lib/gcc/avr/4.8.1/../../../../avr/lib/avr5/libm.a(mulsf3.o)
 .text          0x000008c4        0x0 /usr/local/CrossPack-AVR-20131216/lib/gcc/avr/4.8.1/../../../../avr/lib/avr5/libm.a(mulsf3x.o)
 .text          0x000008c4        0x0 /usr/local/CrossPack-AVR-20131216/lib/gcc/avr/4.8.1/../../../../avr/lib/avr5/libm.a(fp_inf.o)
 .text          0x000008c4        0x0 /usr/local/CrossPack-AVR-20131216/lib/gcc/avr/4.8.1/../../../../avr/lib/avr5/libm.a(fp_nan.o)
 .text          0x000008c4        0x0 /usr/local/CrossPack-AVR-20131216/lib/gcc/avr/4.8.1/../../../../avr/lib/avr5/libm.a(fp_pscA.o)
 .text          0x000008c4        0x0 /usr/local/CrossPack-AVR-20131216/lib/gcc/avr/4.8.1/../../../../avr/lib/avr5/libm.a(fp_pscB.o)
 .text          0x000008c4        0x0 /usr/local/CrossPack-AVR-20131216/lib/gcc/avr/4.8.1/../../../../avr/lib/avr5/libm.a(fp_round.o)
 .text          0x000008c4        0x0 /usr/local/CrossPack-AVR-20131216/lib/gcc/avr/4.8.1/avr5/libgcc.a(_mulsi3.o)
 .text          0x000008c4        0x0 /usr/local/CrossPack-AVR-20131216/lib/gcc/avr/4.8.1/avr5/libgcc.a(_udivmodsi4.o)
 .text          0x000008c4        0x0 /usr/local/CrossPack-AVR-20131216/lib/gcc/avr/4.8.1/avr5/libgcc.a(_exit.o)
 .text          0x000008c4        0x0 /usr/local/CrossPack-AVR-20131216/lib/gcc/avr/4.8.1/avr5/libgcc.a(_copy_data.o)
 .text          0x000008c4        0x0 /usr/local/CrossPack-AVR-20131216/lib/gcc/avr/4.8.1/avr5/libgcc.a(_muluhisi3.o)
 .text          0x000008c4        0x0 /usr/local/CrossPack-AVR-20131216/lib/gcc/avr/4.8.1/avr5/libgcc.a(_umulhisi3.o)
 .text          0x000008c4        0x0 /usr/local/CrossPack-AVR-20131216/lib/gcc/avr/4.8.1/../../../../avr/lib/avr5/libc.a(memset.o)
 .text          0x000008c4        0x0 /usr/local/CrossPack-AVR-20131216/lib/gcc/avr/4.8.1/../../../../avr/lib/avr5/libc.a(sprintf.o)
 .text          0x000008c4        0x0 /usr/local/CrossPack-AVR-20131216/lib/gcc/avr/4.8.1/../../../../avr/lib/avr5/libc.a(vfprintf_std.o)
 .text          0x000008c4        0x0 /usr/local/CrossPack-AVR-20131216/lib/gcc/avr/4.8.1/../../../../avr/lib/avr5/libc.a(strnlen_P.o)
 .text          0x000008c4        0x0 /usr/local/CrossPack-AVR-20131216/lib/gcc/avr/4.8.1/../../../../avr/lib/avr5/libc.a(strnlen.o)
 .text          0x000008c4        0x0 /usr/local/CrossPack-AVR-20131216/lib/gcc/avr/4.8.1/../../../../avr/lib/avr5/libc.a(fputc.o)
 .text          0x000008c4        0x0 /usr/local/CrossPack-AVR-20131216/lib/gcc/avr/4.8.1/../../../../avr/lib/avr5/libc.a(ultoa_invert.o)
 .text          0x000008c4        0x0 /usr/local/CrossPack-AVR-20131216/lib/gcc/avr/4.8.1/avr5/libgcc.a(_prologue.o)
 .text          0x000008c4        0x0 /usr/local/CrossPack-AVR-20131216/lib/gcc/avr/4.8.1/avr5/libgcc.a(_epilogue.o)
                0x000008c4                . = ALIGN (0x2)
 *(.text.*)
 .text.avr-libc.fplib
                0x000008c4        0x8 /usr/local/CrossPack-AVR-20131216/lib/gcc/avr/4.8.1/../../../../avr/lib/avr5/libm.a(cmpsf2.o)
                0x000008c4                __lesf2
                0x000008c4                __nesf2
                0x000008c4                __eqsf2
                0x000008c4                __cmpsf2
                0x000008c4                __ltsf2
 .text.avr-libc.fplib
                0x000008cc       0x58 /usr/local/CrossPack-AVR-20131216/lib/gcc/avr/4.8.1/../../../../avr/lib/avr5/libm.a(fixunssfsi.o)
                0x000008cc                __fixunssfsi
 .text.avr-libc.fplib
                0x00000924       0x48 /usr/local/CrossPack-AVR-20131216/lib/gcc/avr/4.8.1/../../../../avr/lib/avr5/libm.a(fp_cmp.o)
                0x00000924                __fp_cmp
 .text.avr-libc.fplib
                0x0000096c       0x44 /usr/local/CrossPack-AVR-20131216/lib/gcc/avr/4.8.1/../../../../avr/lib/avr5/libm.a(fp_split3.o)
                0x0000096c                __fp_split3
                0x0000097c                __fp_splitA
 .text.avr-libc.fplib
                0x000009b0        0xe /usr/local/CrossPack-AVR-20131216/lib/gcc/avr/4.8.1/../../../../avr/lib/avr5/libm.a(fp_zero.o)
                0x000009b0                __fp_zero
                0x000009b2                __fp_szero
 .text.avr-libc.fplib
                0x000009be        0x8 /usr/local/CrossPack-AVR-20131216/lib/gcc/avr/4.8.1/../../../../avr/lib/avr5/libm.a(gesf2.o)
                0x000009be                __gtsf2
                0x000009be                __gesf2
 .text.avr-libc.fplib
                0x000009c6        0x4 /usr/local/CrossPack-AVR-20131216/lib/gcc/avr/4.8.1/../../../../avr/lib/avr5/libm.a(mulsf3.o)
                0x000009c6                __mulsf3
 .text.avr-libc.fplib
                0x000009ca       0xc2 /usr/local/CrossPack-AVR-20131216/lib/gcc/avr/4.8.1/../../../../avr/lib/avr5/libm.a(mulsf3x.o)
                0x000009de                __mulsf3x
                0x000009e2                __mulsf3_pse
 .text.avr-libc.fplib
                0x00000a8c        0xc /usr/local/CrossPack-AVR-20131216/lib/gcc/avr/4.8.1/../../../../avr/lib/avr5/libm.a(fp_inf.o)
                0x00000a8c                __fp_inf
 .text.avr-libc.fplib
                0x00000a98        0x6 /usr/local/CrossPack-AVR-20131216/lib/gcc/avr/4.8.1/../../../../avr/lib/avr5/libm.a(fp_nan.o)
                0x00000a98                __fp_nan
 .text.avr-libc.fplib
                0x00000a9e        0xe /usr/local/CrossPack-AVR-20131216/lib/gcc/avr/4.8.1/../../../../avr/lib/avr5/libm.a(fp_pscA.o)
                0x00000a9e                __fp_pscA
 .text.avr-libc.fplib
                0x00000aac        0xe /usr/local/CrossPack-AVR-20131216/lib/gcc/avr/4.8.1/../../../../avr/lib/avr5/libm.a(fp_pscB.o)
                0x00000aac                __fp_pscB
 .text.avr-libc.fplib
                0x00000aba       0x22 /usr/local/CrossPack-AVR-20131216/lib/gcc/avr/4.8.1/../../../../avr/lib/avr5/libm.a(fp_round.o)
                0x00000aba                __fp_round
 .text.libgcc.mul
                0x00000adc       0x20 /usr/local/CrossPack-AVR-20131216/lib/gcc/avr/4.8.1/avr5/libgcc.a(_mulsi3.o)
                0x00000adc                __mulsi3
 .text.libgcc.div
                0x00000afc        0x0 /usr/local/CrossPack-AVR-20131216/lib/gcc/avr/4.8.1/avr5/libgcc.a(_mulsi3.o)
 .text.libgcc   0x00000afc        0x0 /usr/local/CrossPack-AVR-20131216/lib/gcc/avr/4.8.1/avr5/libgcc.a(_mulsi3.o)
 .text.libgcc.prologue
                0x00000afc        0x0 /usr/local/CrossPack-AVR-20131216/lib/gcc/avr/4.8.1/avr5/libgcc.a(_mulsi3.o)
 .text.libgcc.builtins
                0x00000afc        0x0 /usr/local/CrossPack-AVR-20131216/lib/gcc/avr/4.8.1/avr5/libgcc.a(_mulsi3.o)
 .text.libgcc.fmul
                0x00000afc        0x0 /usr/local/CrossPack-AVR-20131216/lib/gcc/avr/4.8.1/avr5/libgcc.a(_mulsi3.o)
 .text.libgcc.fixed
                0x00000afc        0x0 /usr/local/CrossPack-AVR-20131216/lib/gcc/avr/4.8.1/avr5/libgcc.a(_mulsi3.o)
 .text.libgcc.mul
                0x00000afc        0x0 /usr/local/CrossPack-AVR-20131216/lib/gcc/avr/4.8.1/avr5/libgcc.a(_udivmodsi4.o)
 .text.libgcc.div
                0x00000afc       0x44 /usr/local/CrossPack-AVR-20131216/lib/gcc/avr/4.8.1/avr5/libgcc.a(_udivmodsi4.o)
                0x00000afc                __udivmodsi4
 .text.libgcc   0x00000b40        0x0 /usr/local/CrossPack-AVR-20131216/lib/gcc/avr/4.8.1/avr5/libgcc.a(_udivmodsi4.o)
 .text.libgcc.prologue
                0x00000b40        0x0 /usr/local/CrossPack-AVR-20131216/lib/gcc/avr/4.8.1/avr5/libgcc.a(_udivmodsi4.o)
 .text.libgcc.builtins
                0x00000b40        0x0 /usr/local/CrossPack-AVR-20131216/lib/gcc/avr/4.8.1/avr5/libgcc.a(_udivmodsi4.o)
 .text.libgcc.fmul
                0x00000b40        0x0 /usr/local/CrossPack-AVR-20131216/lib/gcc/avr/4.8.1/avr5/libgcc.a(_udivmodsi4.o)
 .text.libgcc.fixed
                0x00000b40        0x0 /usr/local/CrossPack-AVR-20131216/lib/gcc/avr/4.8.1/avr5/libgcc.a(_udivmodsi4.o)
 .text.libgcc.mul
                0x00000b40        0x0 /usr/local/CrossPack-AVR-20131216/lib/gcc/avr/4.8.1/avr5/libgcc.a(_exit.o)
 .text.libgcc.div
                0x00000b40        0x0 /usr/local/CrossPack-AVR-20131216/lib/gcc/avr/4.8.1/avr5/libgcc.a(_exit.o)
 .text.libgcc   0x00000b40        0x0 /usr/local/CrossPack-AVR-20131216/lib/gcc/avr/4.8.1/avr5/libgcc.a(_exit.o)
 .text.libgcc.prologue
                0x00000b40        0x0 /usr/local/CrossPack-AVR-20131216/lib/gcc/avr/4.8.1/avr5/libgcc.a(_exit.o)
 .text.libgcc.builtins
                0x00000b40        0x0 /usr/local/CrossPack-AVR-20131216/lib/gcc/avr/4.8.1/avr5/libgcc.a(_exit.o)
 .text.libgcc.fmul
                0x00000b40        0x0 /usr/local/CrossPack-AVR-20131216/lib/gcc/avr/4.8.1/avr5/libgcc.a(_exit.o)
 .text.libgcc.fixed
                0x00000b40        0x0 /usr/local/CrossPack-AVR-20131216/lib/gcc/avr/4.8.1/avr5/libgcc.a(_exit.o)
 .text.libgcc.mul
                0x00000b40        0x0 /usr/local/CrossPack-AVR-20131216/lib/gcc/avr/4.8.1/avr5/libgcc.a(_copy_data.o)
 .text.libgcc.div
                0x00000b40        0x0 /usr/local/CrossPack-AVR-20131216/lib/gcc/avr/4.8.1/avr5/libgcc.a(_copy_data.o)
 .text.libgcc   0x00000b40        0x0 /usr/local/CrossPack-AVR-20131216/lib/gcc/avr/4.8.1/avr5/libgcc.a(_copy_data.o)
 .text.libgcc.prologue
                0x00000b40        0x0 /usr/local/CrossPack-AVR-20131216/lib/gcc/avr/4.8.1/avr5/libgcc.a(_copy_data.o)
 .text.libgcc.builtins
                0x00000b40        0x0 /usr/local/CrossPack-AVR-20131216/lib/gcc/avr/4.8.1/avr5/libgcc.a(_copy_data.o)
 .text.libgcc.fmul
                0x00000b40        0x0 /usr/local/CrossPack-AVR-20131216/lib/gcc/avr/4.8.1/avr5/libgcc.a(_copy_data.o)
 .text.libgcc.fixed
                0x00000b40        0x0 /usr/local/CrossPack-AVR-20131216/lib/gcc/avr/4.8.1/avr5/libgcc.a(_copy_data.o)
 .text.libgcc.mul
                0x00000b40       0x16 /usr/local/CrossPack-AVR-20131216/lib/gcc/avr/4.8.1/avr5/libgcc.a(_muluhisi3.o)
                0x00000b40                __muluhisi3
 .text.libgcc.div
                0x00000b56        0x0 /usr/local/CrossPack-AVR-20131216/lib/gcc/avr/4.8.1/avr5/libgcc.a(_muluhisi3.o)
 .text.libgcc   0x00000b56        0x0 /usr/local/CrossPack-AVR-20131216/lib/gcc/avr/4.8.1/avr5/libgcc.a(_muluhisi3.o)
 .text.libgcc.prologue
                0x00000b56        0x0 /usr/local/CrossPack-AVR-20131216/lib/gcc/avr/4.8.1/avr5/libgcc.a(_muluhisi3.o)
 .text.libgcc.builtins
                0x00000b56        0x0 /usr/local/CrossPack-AVR-20131216/lib/gcc/avr/4.8.1/avr5/libgcc.a(_muluhisi3.o)
 .text.libgcc.fmul
                0x00000b56        0x0 /usr/local/CrossPack-AVR-20131216/lib/gcc/avr/4.8.1/avr5/libgcc.a(_muluhisi3.o)
 .text.libgcc.fixed
                0x00000b56        0x0 /usr/local/CrossPack-AVR-20131216/lib/gcc/avr/4.8.1/avr5/libgcc.a(_muluhisi3.o)
 .text.libgcc.mul
                0x00000b56       0x1e /usr/local/CrossPack-AVR-20131216/lib/gcc/avr/4.8.1/avr5/libgcc.a(_umulhisi3.o)
                0x00000b56                __umulhisi3
 .text.libgcc.div
                0x00000b74        0x0 /usr/local/CrossPack-AVR-20131216/lib/gcc/avr/4.8.1/avr5/libgcc.a(_umulhisi3.o)
 .text.libgcc   0x00000b74        0x0 /usr/local/CrossPack-AVR-20131216/lib/gcc/avr/4.8.1/avr5/libgcc.a(_umulhisi3.o)
 .text.libgcc.prologue
                0x00000b74        0x0 /usr/local/CrossPack-AVR-20131216/lib/gcc/avr/4.8.1/avr5/libgcc.a(_umulhisi3.o)
 .text.libgcc.builtins
                0x00000b74        0x0 /usr/local/CrossPack-AVR-20131216/lib/gcc/avr/4.8.1/avr5/libgcc.a(_umulhisi3.o)
 .text.libgcc.fmul
                0x00000b74        0x0 /usr/local/CrossPack-AVR-20131216/lib/gcc/avr/4.8.1/avr5/libgcc.a(_umulhisi3.o)
 .text.libgcc.fixed
                0x00000b74        0x0 /usr/local/CrossPack-AVR-20131216/lib/gcc/avr/4.8.1/avr5/libgcc.a(_umulhisi3.o)
 .text.avr-libc
                0x00000b74        0xe /usr/local/CrossPack-AVR-20131216/lib/gcc/avr/4.8.1/../../../../avr/lib/avr5/libc.a(memset.o)
                0x00000b74                memset
 .text.avr-libc
                0x00000b82       0x44 /usr/local/CrossPack-AVR-20131216/lib/gcc/avr/4.8.1/../../../../avr/lib/avr5/libc.a(sprintf.o)
                0x00000b82                sprintf
 .text.avr-libc
                0x00000bc6      0x3a4 /usr/local/CrossPack-AVR-20131216/lib/gcc/avr/4.8.1/../../../../avr/lib/avr5/libc.a(vfprintf_std.o)
                0x00000bc6                vfprintf
 .text.avr-libc
                0x00000f6a       0x16 /usr/local/CrossPack-AVR-20131216/lib/gcc/avr/4.8.1/../../../../avr/lib/avr5/libc.a(strnlen_P.o)
                0x00000f6a                strnlen_P
 .text.avr-libc
                0x00000f80       0x16 /usr/local/CrossPack-AVR-20131216/lib/gcc/avr/4.8.1/../../../../avr/lib/avr5/libc.a(strnlen.o)
                0x00000f80                strnlen
 .text.avr-libc
                0x00000f96       0x64 /usr/local/CrossPack-AVR-20131216/lib/gcc/avr/4.8.1/../../../../avr/lib/avr5/libc.a(fputc.o)
                0x00000f96                fputc
 .text.avr-libc
                0x00000ffa       0xbc /usr/local/CrossPack-AVR-20131216/lib/gcc/avr/4.8.1/../../../../avr/lib/avr5/libc.a(ultoa_invert.o)
                0x00000ffa                __ultoa_invert
 .text.libgcc.mul
                0x000010b6        0x0 /usr/local/CrossPack-AVR-20131216/lib/gcc/avr/4.8.1/avr5/libgcc.a(_prologue.o)
 .text.libgcc.div
                0x000010b6        0x0 /usr/local/CrossPack-AVR-20131216/lib/gcc/avr/4.8.1/avr5/libgcc.a(_prologue.o)
 .text.libgcc   0x000010b6        0x0 /usr/local/CrossPack-AVR-20131216/lib/gcc/avr/4.8.1/avr5/libgcc.a(_prologue.o)
 .text.libgcc.prologue
                0x000010b6       0x38 /usr/local/CrossPack-AVR-20131216/lib/gcc/avr/4.8.1/avr5/libgcc.a(_prologue.o)
                0x000010b6                __prologue_saves__
 .text.libgcc.builtins
                0x000010ee        0x0 /usr/local/CrossPack-AVR-20131216/lib/gcc/avr/4.8.1/avr5/libgcc.a(_prologue.o)
 .text.libgcc.fmul
                0x000010ee        0x0 /usr/local/CrossPack-AVR-20131216/lib/gcc/avr/4.8.1/avr5/libgcc.a(_prologue.o)
 .text.libgcc.fixed
                0x000010ee        0x0 /usr/local/CrossPack-AVR-20131216/lib/gcc/avr/4.8.1/avr5/libgcc.a(_prologue.o)
 .text.libgcc.mul
                0x000010ee        0x0 /usr/local/CrossPack-AVR-20131216/lib/gcc/avr/4.8.1/avr5/libgcc.a(_epilogue.o)
 .text.libgcc.div
                0x000010ee        0x0 /usr/local/CrossPack-AVR-20131216/lib/gcc/avr/4.8.1/avr5/libgcc.a(_epilogue.o)
 .text.libgcc   0x000010ee        0x0 /usr/local/CrossPack-AVR-20131216/lib/gcc/avr/4.8.1/avr5/libgcc.a(_epilogue.o)
 .text.libgcc.prologue
                0x000010ee       0x36 /usr/local/CrossPack-AVR-20131216/lib/gcc/avr/4.8.1/avr5/libgcc.a(_epilogue.o)
                0x000010ee                __epilogue_restores__
 .text.libgcc.builtins
                0x00001124        0x0 /usr/local/CrossPack-AVR-20131216/lib/gcc/avr/4.8.1/avr5/libgcc.a(_epilogue.o)
 .text.libgcc.fmul
                0x00001124        0x0 /usr/local/CrossPack-AVR-20131216/lib/gcc/avr/4.8.1/avr5/libgcc.a(_epilogue.o)
 .text.libgcc.fixed
                0x00001124        0x0 /usr/local/CrossPack-AVR-20131216/lib/gcc/avr/4.8.1/avr5/libgcc.a(_epilogue.o)
                0x00001124                . = ALIGN (0x2)
 *(.fini9)
 .fini9         0x00001124        0x0 /usr/local/CrossPack-AVR-20131216/lib/gcc/avr/4.8.1/avr5/libgcc.a(_exit.o)
                0x00001124                exit
                0x00001124                _exit
 *(.fini9)
 *(.fini8)
 *(.fini8)
 *(.fini7)
 *(.fini7)
 *(.fini6)
 *(.fini6)
 *(.fini5)
 *(.fini5)
 *(.fini4)
 *(.fini4)
 *(.fini3)
 *(.fini3)
 *(.fini2)
 *(.fini2)
 *(.fini1)
 *(.fini1)
 *(.fini0)
 .fini0         0x00001124        0x4 /usr/local/CrossPack-AVR-20131216/lib/gcc/avr/4.8.1/avr5/libgcc.a(_exit.o)
 *(.fini0)
                0x00001128                _etext = .

.data           0x00800100        0x4 load address 0x00001128
                0x00800100                PROVIDE (__data_start, .)
 *(.data)
 .data          0x00800100        0x0 /usr/local/CrossPack-AVR-20131216/lib/gcc/avr/4.8.1/../../../../avr/lib/avr5/crtm328p.o
 .data          0x00800100        0x0 labth2.o
 .data          0x00800100        0x0 /usr/local/CrossPack-AVR-20131216/lib/gcc/avr/4.8.1/../../../../avr/lib/avr5/libm.a(cmpsf2.o)
 .data          0x00800100        0x0 /usr/local/CrossPack-AVR-20131216/lib/gcc/avr/4.8.1/../../../../avr/lib/avr5/libm.a(fixunssfsi.o)
 .data          0x00800100        0x0 /usr/local/CrossPack-AVR-20131216/lib/gcc/avr/4.8.1/../../../../avr/lib/avr5/libm.a(fp_cmp.o)
 .data          0x00800100        0x0 /usr/local/CrossPack-AVR-20131216/lib/gcc/avr/4.8.1/../../../../avr/lib/avr5/libm.a(fp_split3.o)
 .data          0x00800100        0x0 /usr/local/CrossPack-AVR-20131216/lib/gcc/avr/4.8.1/../../../../avr/lib/avr5/libm.a(fp_zero.o)
 .data          0x00800100        0x0 /usr/local/CrossPack-AVR-20131216/lib/gcc/avr/4.8.1/../../../../avr/lib/avr5/libm.a(gesf2.o)
 .data          0x00800100        0x0 /usr/local/CrossPack-AVR-20131216/lib/gcc/avr/4.8.1/../../../../avr/lib/avr5/libm.a(mulsf3.o)
 .data          0x00800100        0x0 /usr/local/CrossPack-AVR-20131216/lib/gcc/avr/4.8.1/../../../../avr/lib/avr5/libm.a(mulsf3x.o)
 .data          0x00800100        0x0 /usr/local/CrossPack-AVR-20131216/lib/gcc/avr/4.8.1/../../../../avr/lib/avr5/libm.a(fp_inf.o)
 .data          0x00800100        0x0 /usr/local/CrossPack-AVR-20131216/lib/gcc/avr/4.8.1/../../../../avr/lib/avr5/libm.a(fp_nan.o)
 .data          0x00800100        0x0 /usr/local/CrossPack-AVR-20131216/lib/gcc/avr/4.8.1/../../../../avr/lib/avr5/libm.a(fp_pscA.o)
 .data          0x00800100        0x0 /usr/local/CrossPack-AVR-20131216/lib/gcc/avr/4.8.1/../../../../avr/lib/avr5/libm.a(fp_pscB.o)
 .data          0x00800100        0x0 /usr/local/CrossPack-AVR-20131216/lib/gcc/avr/4.8.1/../../../../avr/lib/avr5/libm.a(fp_round.o)
 .data          0x00800100        0x0 /usr/local/CrossPack-AVR-20131216/lib/gcc/avr/4.8.1/avr5/libgcc.a(_mulsi3.o)
 .data          0x00800100        0x0 /usr/local/CrossPack-AVR-20131216/lib/gcc/avr/4.8.1/avr5/libgcc.a(_udivmodsi4.o)
 .data          0x00800100        0x0 /usr/local/CrossPack-AVR-20131216/lib/gcc/avr/4.8.1/avr5/libgcc.a(_exit.o)
 .data          0x00800100        0x0 /usr/local/CrossPack-AVR-20131216/lib/gcc/avr/4.8.1/avr5/libgcc.a(_copy_data.o)
 .data          0x00800100        0x0 /usr/local/CrossPack-AVR-20131216/lib/gcc/avr/4.8.1/avr5/libgcc.a(_muluhisi3.o)
 .data          0x00800100        0x0 /usr/local/CrossPack-AVR-20131216/lib/gcc/avr/4.8.1/avr5/libgcc.a(_umulhisi3.o)
 .data          0x00800100        0x0 /usr/local/CrossPack-AVR-20131216/lib/gcc/avr/4.8.1/../../../../avr/lib/avr5/libc.a(memset.o)
 .data          0x00800100        0x0 /usr/local/CrossPack-AVR-20131216/lib/gcc/avr/4.8.1/../../../../avr/lib/avr5/libc.a(sprintf.o)
 .data          0x00800100        0x0 /usr/local/CrossPack-AVR-20131216/lib/gcc/avr/4.8.1/../../../../avr/lib/avr5/libc.a(vfprintf_std.o)
 .data          0x00800100        0x0 /usr/local/CrossPack-AVR-20131216/lib/gcc/avr/4.8.1/../../../../avr/lib/avr5/libc.a(strnlen_P.o)
 .data          0x00800100        0x0 /usr/local/CrossPack-AVR-20131216/lib/gcc/avr/4.8.1/../../../../avr/lib/avr5/libc.a(strnlen.o)
 .data          0x00800100        0x0 /usr/local/CrossPack-AVR-20131216/lib/gcc/avr/4.8.1/../../../../avr/lib/avr5/libc.a(fputc.o)
 .data          0x00800100        0x0 /usr/local/CrossPack-AVR-20131216/lib/gcc/avr/4.8.1/../../../../avr/lib/avr5/libc.a(ultoa_invert.o)
 .data          0x00800100        0x0 /usr/local/CrossPack-AVR-20131216/lib/gcc/avr/4.8.1/avr5/libgcc.a(_prologue.o)
 .data          0x00800100        0x0 /usr/local/CrossPack-AVR-20131216/lib/gcc/avr/4.8.1/avr5/libgcc.a(_epilogue.o)
 *(.data*)
 *(.rodata)
 .rodata        0x00800100        0x3 labth2.o
 *(.rodata*)
 *(.gnu.linkonce.d*)
                0x00800104                . = ALIGN (0x2)
 *fill*         0x00800103        0x1 
                0x00800104                _edata = .
                0x00800104                PROVIDE (__data_end, .)

.bss            0x00800104        0x0
                0x00800104                PROVIDE (__bss_start, .)
 *(.bss)
 .bss           0x00800104        0x0 /usr/local/CrossPack-AVR-20131216/lib/gcc/avr/4.8.1/../../../../avr/lib/avr5/crtm328p.o
 .bss           0x00800104        0x0 labth2.o
 .bss           0x00800104        0x0 /usr/local/CrossPack-AVR-20131216/lib/gcc/avr/4.8.1/../../../../avr/lib/avr5/libm.a(cmpsf2.o)
 .bss           0x00800104        0x0 /usr/local/CrossPack-AVR-20131216/lib/gcc/avr/4.8.1/../../../../avr/lib/avr5/libm.a(fixunssfsi.o)
 .bss           0x00800104        0x0 /usr/local/CrossPack-AVR-20131216/lib/gcc/avr/4.8.1/../../../../avr/lib/avr5/libm.a(fp_cmp.o)
 .bss           0x00800104        0x0 /usr/local/CrossPack-AVR-20131216/lib/gcc/avr/4.8.1/../../../../avr/lib/avr5/libm.a(fp_split3.o)
 .bss           0x00800104        0x0 /usr/local/CrossPack-AVR-20131216/lib/gcc/avr/4.8.1/../../../../avr/lib/avr5/libm.a(fp_zero.o)
 .bss           0x00800104        0x0 /usr/local/CrossPack-AVR-20131216/lib/gcc/avr/4.8.1/../../../../avr/lib/avr5/libm.a(gesf2.o)
 .bss           0x00800104        0x0 /usr/local/CrossPack-AVR-20131216/lib/gcc/avr/4.8.1/../../../../avr/lib/avr5/libm.a(mulsf3.o)
 .bss           0x00800104        0x0 /usr/local/CrossPack-AVR-20131216/lib/gcc/avr/4.8.1/../../../../avr/lib/avr5/libm.a(mulsf3x.o)
 .bss           0x00800104        0x0 /usr/local/CrossPack-AVR-20131216/lib/gcc/avr/4.8.1/../../../../avr/lib/avr5/libm.a(fp_inf.o)
 .bss           0x00800104        0x0 /usr/local/CrossPack-AVR-20131216/lib/gcc/avr/4.8.1/../../../../avr/lib/avr5/libm.a(fp_nan.o)
 .bss           0x00800104        0x0 /usr/local/CrossPack-AVR-20131216/lib/gcc/avr/4.8.1/../../../../avr/lib/avr5/libm.a(fp_pscA.o)
 .bss           0x00800104        0x0 /usr/local/CrossPack-AVR-20131216/lib/gcc/avr/4.8.1/../../../../avr/lib/avr5/libm.a(fp_pscB.o)
 .bss           0x00800104        0x0 /usr/local/CrossPack-AVR-20131216/lib/gcc/avr/4.8.1/../../../../avr/lib/avr5/libm.a(fp_round.o)
 .bss           0x00800104        0x0 /usr/local/CrossPack-AVR-20131216/lib/gcc/avr/4.8.1/avr5/libgcc.a(_mulsi3.o)
 .bss           0x00800104        0x0 /usr/local/CrossPack-AVR-20131216/lib/gcc/avr/4.8.1/avr5/libgcc.a(_udivmodsi4.o)
 .bss           0x00800104        0x0 /usr/local/CrossPack-AVR-20131216/lib/gcc/avr/4.8.1/avr5/libgcc.a(_exit.o)
 .bss           0x00800104        0x0 /usr/local/CrossPack-AVR-20131216/lib/gcc/avr/4.8.1/avr5/libgcc.a(_copy_data.o)
 .bss           0x00800104        0x0 /usr/local/CrossPack-AVR-20131216/lib/gcc/avr/4.8.1/avr5/libgcc.a(_muluhisi3.o)
 .bss           0x00800104        0x0 /usr/local/CrossPack-AVR-20131216/lib/gcc/avr/4.8.1/avr5/libgcc.a(_umulhisi3.o)
 .bss           0x00800104        0x0 /usr/local/CrossPack-AVR-20131216/lib/gcc/avr/4.8.1/../../../../avr/lib/avr5/libc.a(memset.o)
 .bss           0x00800104        0x0 /usr/local/CrossPack-AVR-20131216/lib/gcc/avr/4.8.1/../../../../avr/lib/avr5/libc.a(sprintf.o)
 .bss           0x00800104        0x0 /usr/local/CrossPack-AVR-20131216/lib/gcc/avr/4.8.1/../../../../avr/lib/avr5/libc.a(vfprintf_std.o)
 .bss           0x00800104        0x0 /usr/local/CrossPack-AVR-20131216/lib/gcc/avr/4.8.1/../../../../avr/lib/avr5/libc.a(strnlen_P.o)
 .bss           0x00800104        0x0 /usr/local/CrossPack-AVR-20131216/lib/gcc/avr/4.8.1/../../../../avr/lib/avr5/libc.a(strnlen.o)
 .bss           0x00800104        0x0 /usr/local/CrossPack-AVR-20131216/lib/gcc/avr/4.8.1/../../../../avr/lib/avr5/libc.a(fputc.o)
 .bss           0x00800104        0x0 /usr/local/CrossPack-AVR-20131216/lib/gcc/avr/4.8.1/../../../../avr/lib/avr5/libc.a(ultoa_invert.o)
 .bss           0x00800104        0x0 /usr/local/CrossPack-AVR-20131216/lib/gcc/avr/4.8.1/avr5/libgcc.a(_prologue.o)
 .bss           0x00800104        0x0 /usr/local/CrossPack-AVR-20131216/lib/gcc/avr/4.8.1/avr5/libgcc.a(_epilogue.o)
 *(.bss*)
 *(COMMON)
                0x00800104                PROVIDE (__bss_end, .)
                0x00001128                __data_load_start = LOADADDR (.data)
                0x0000112c                __data_load_end = (__data_load_start + SIZEOF (.data))

.noinit         0x00800104        0x0
                0x00800104                PROVIDE (__noinit_start, .)
 *(.noinit*)
                0x00800104                PROVIDE (__noinit_end, .)
                0x00800104                _end = .
                0x00800104                PROVIDE (__heap_start, .)

.eeprom         0x00810000        0x0
 *(.eeprom*)
                0x00810000                __eeprom_end = .

.fuse
 *(.fuse)
 *(.lfuse)
 *(.hfuse)
 *(.efuse)

.lock
 *(.lock*)

.signature
 *(.signature*)

.user_signatures
 *(.user_signatures*)

.stab
 *(.stab)

.stabstr
 *(.stabstr)

.stab.excl
 *(.stab.excl)

.stab.exclstr
 *(.stab.exclstr)

.stab.index
 *(.stab.index)

.stab.indexstr
 *(.stab.indexstr)

.comment        0x00000000       0x11
 *(.comment)
 .comment       0x00000000       0x11 labth2.o
                                 0x12 (size before relaxing)
 .comment       0x00000000       0x12 /usr/local/CrossPack-AVR-20131216/lib/gcc/avr/4.8.1/../../../../avr/lib/avr5/libc.a(sprintf.o)
 .comment       0x00000000       0x12 /usr/local/CrossPack-AVR-20131216/lib/gcc/avr/4.8.1/../../../../avr/lib/avr5/libc.a(vfprintf_std.o)
 .comment       0x00000000       0x12 /usr/local/CrossPack-AVR-20131216/lib/gcc/avr/4.8.1/../../../../avr/lib/avr5/libc.a(fputc.o)

.debug
 *(.debug)

.line
 *(.line)

.debug_srcinfo
 *(.debug_srcinfo)

.debug_sfnames
 *(.debug_sfnames)

.debug_aranges  0x00000000      0x120
 *(.debug_aranges)
 .debug_aranges
                0x00000000       0x20 labth2.o
 .debug_aranges
                0x00000020       0x20 /usr/local/CrossPack-AVR-20131216/lib/gcc/avr/4.8.1/avr5/libgcc.a(_mulsi3.o)
 .debug_aranges
                0x00000040       0x20 /usr/local/CrossPack-AVR-20131216/lib/gcc/avr/4.8.1/avr5/libgcc.a(_udivmodsi4.o)
 .debug_aranges
                0x00000060       0x20 /usr/local/CrossPack-AVR-20131216/lib/gcc/avr/4.8.1/avr5/libgcc.a(_exit.o)
 .debug_aranges
                0x00000080       0x20 /usr/local/CrossPack-AVR-20131216/lib/gcc/avr/4.8.1/avr5/libgcc.a(_copy_data.o)
 .debug_aranges
                0x000000a0       0x20 /usr/local/CrossPack-AVR-20131216/lib/gcc/avr/4.8.1/avr5/libgcc.a(_muluhisi3.o)
 .debug_aranges
                0x000000c0       0x20 /usr/local/CrossPack-AVR-20131216/lib/gcc/avr/4.8.1/avr5/libgcc.a(_umulhisi3.o)
 .debug_aranges
                0x000000e0       0x20 /usr/local/CrossPack-AVR-20131216/lib/gcc/avr/4.8.1/avr5/libgcc.a(_prologue.o)
 .debug_aranges
                0x00000100       0x20 /usr/local/CrossPack-AVR-20131216/lib/gcc/avr/4.8.1/avr5/libgcc.a(_epilogue.o)

.debug_pubnames
 *(.debug_pubnames)

.debug_info     0x00000000      0xa81
 *(.debug_info)
 .debug_info    0x00000000      0x491 labth2.o
 .debug_info    0x00000491       0xbe /usr/local/CrossPack-AVR-20131216/lib/gcc/avr/4.8.1/avr5/libgcc.a(_mulsi3.o)
 .debug_info    0x0000054f       0xbe /usr/local/CrossPack-AVR-20131216/lib/gcc/avr/4.8.1/avr5/libgcc.a(_udivmodsi4.o)
 .debug_info    0x0000060d       0xbe /usr/local/CrossPack-AVR-20131216/lib/gcc/avr/4.8.1/avr5/libgcc.a(_exit.o)
 .debug_info    0x000006cb       0xbe /usr/local/CrossPack-AVR-20131216/lib/gcc/avr/4.8.1/avr5/libgcc.a(_copy_data.o)
 .debug_info    0x00000789       0xbe /usr/local/CrossPack-AVR-20131216/lib/gcc/avr/4.8.1/avr5/libgcc.a(_muluhisi3.o)
 .debug_info    0x00000847       0xbe /usr/local/CrossPack-AVR-20131216/lib/gcc/avr/4.8.1/avr5/libgcc.a(_umulhisi3.o)
 .debug_info    0x00000905       0xbe /usr/local/CrossPack-AVR-20131216/lib/gcc/avr/4.8.1/avr5/libgcc.a(_prologue.o)
 .debug_info    0x000009c3       0xbe /usr/local/CrossPack-AVR-20131216/lib/gcc/avr/4.8.1/avr5/libgcc.a(_epilogue.o)
 *(.gnu.linkonce.wi.*)

.debug_abbrev   0x00000000      0x2b8
 *(.debug_abbrev)
 .debug_abbrev  0x00000000      0x218 labth2.o
 .debug_abbrev  0x00000218       0x14 /usr/local/CrossPack-AVR-20131216/lib/gcc/avr/4.8.1/avr5/libgcc.a(_mulsi3.o)
 .debug_abbrev  0x0000022c       0x14 /usr/local/CrossPack-AVR-20131216/lib/gcc/avr/4.8.1/avr5/libgcc.a(_udivmodsi4.o)
 .debug_abbrev  0x00000240       0x14 /usr/local/CrossPack-AVR-20131216/lib/gcc/avr/4.8.1/avr5/libgcc.a(_exit.o)
 .debug_abbrev  0x00000254       0x14 /usr/local/CrossPack-AVR-20131216/lib/gcc/avr/4.8.1/avr5/libgcc.a(_copy_data.o)
 .debug_abbrev  0x00000268       0x14 /usr/local/CrossPack-AVR-20131216/lib/gcc/avr/4.8.1/avr5/libgcc.a(_muluhisi3.o)
 .debug_abbrev  0x0000027c       0x14 /usr/local/CrossPack-AVR-20131216/lib/gcc/avr/4.8.1/avr5/libgcc.a(_umulhisi3.o)
 .debug_abbrev  0x00000290       0x14 /usr/local/CrossPack-AVR-20131216/lib/gcc/avr/4.8.1/avr5/libgcc.a(_prologue.o)
 .debug_abbrev  0x000002a4       0x14 /usr/local/CrossPack-AVR-20131216/lib/gcc/avr/4.8.1/avr5/libgcc.a(_epilogue.o)

.debug_line     0x00000000      0x4f6
 *(.debug_line)
 .debug_line    0x00000000      0x1b4 labth2.o
 .debug_line    0x000001b4       0x65 /usr/local/CrossPack-AVR-20131216/lib/gcc/avr/4.8.1/avr5/libgcc.a(_mulsi3.o)
 .debug_line    0x00000219       0x78 /usr/local/CrossPack-AVR-20131216/lib/gcc/avr/4.8.1/avr5/libgcc.a(_udivmodsi4.o)
 .debug_line    0x00000291       0x58 /usr/local/CrossPack-AVR-20131216/lib/gcc/avr/4.8.1/avr5/libgcc.a(_exit.o)
 .debug_line    0x000002e9       0x61 /usr/local/CrossPack-AVR-20131216/lib/gcc/avr/4.8.1/avr5/libgcc.a(_copy_data.o)
 .debug_line    0x0000034a       0x60 /usr/local/CrossPack-AVR-20131216/lib/gcc/avr/4.8.1/avr5/libgcc.a(_muluhisi3.o)
 .debug_line    0x000003aa       0x65 /usr/local/CrossPack-AVR-20131216/lib/gcc/avr/4.8.1/avr5/libgcc.a(_umulhisi3.o)
 .debug_line    0x0000040f       0x74 /usr/local/CrossPack-AVR-20131216/lib/gcc/avr/4.8.1/avr5/libgcc.a(_prologue.o)
 .debug_line    0x00000483       0x73 /usr/local/CrossPack-AVR-20131216/lib/gcc/avr/4.8.1/avr5/libgcc.a(_epilogue.o)

.debug_frame    0x00000000      0x234
 *(.debug_frame)
 .debug_frame   0x00000000      0x234 labth2.o

.debug_str      0x00000000      0x21c
 *(.debug_str)
 .debug_str     0x00000000      0x21c labth2.o
                                0x255 (size before relaxing)

.debug_loc      0x00000000      0x425
 *(.debug_loc)
 .debug_loc     0x00000000      0x425 labth2.o

.debug_macinfo
 *(.debug_macinfo)

.debug_pubtypes
 *(.debug_pubtypes)

.debug_ranges
 *(.debug_ranges)

.debug_macro
 *(.debug_macro)
OUTPUT(labth2.elf elf32-avr)
LOAD linker stubs

Cross Reference Table

Symbol                                            File
__bad_interrupt                                   /usr/local/CrossPack-AVR-20131216/lib/gcc/avr/4.8.1/../../../../avr/lib/avr5/crtm328p.o
__cmpsf2                                          /usr/local/CrossPack-AVR-20131216/lib/gcc/avr/4.8.1/../../../../avr/lib/avr5/libm.a(cmpsf2.o)
__data_end                                        /usr/local/CrossPack-AVR-20131216/lib/gcc/avr/4.8.1/avr5/libgcc.a(_copy_data.o)
__data_load_start                                 /usr/local/CrossPack-AVR-20131216/lib/gcc/avr/4.8.1/avr5/libgcc.a(_copy_data.o)
__data_start                                      /usr/local/CrossPack-AVR-20131216/lib/gcc/avr/4.8.1/avr5/libgcc.a(_copy_data.o)
__do_copy_data                                    /usr/local/CrossPack-AVR-20131216/lib/gcc/avr/4.8.1/avr5/libgcc.a(_copy_data.o)
                                                  labth2.o
__epilogue_restores__                             /usr/local/CrossPack-AVR-20131216/lib/gcc/avr/4.8.1/avr5/libgcc.a(_epilogue.o)
                                                  /usr/local/CrossPack-AVR-20131216/lib/gcc/avr/4.8.1/../../../../avr/lib/avr5/libc.a(vfprintf_std.o)
                                                  /usr/local/CrossPack-AVR-20131216/lib/gcc/avr/4.8.1/../../../../avr/lib/avr5/libc.a(sprintf.o)
__eqsf2                                           /usr/local/CrossPack-AVR-20131216/lib/gcc/avr/4.8.1/../../../../avr/lib/avr5/libm.a(cmpsf2.o)
__fixunssfsi                                      /usr/local/CrossPack-AVR-20131216/lib/gcc/avr/4.8.1/../../../../avr/lib/avr5/libm.a(fixunssfsi.o)
                                                  labth2.o
__fp_cmp                                          /usr/local/CrossPack-AVR-20131216/lib/gcc/avr/4.8.1/../../../../avr/lib/avr5/libm.a(fp_cmp.o)
                                                  /usr/local/CrossPack-AVR-20131216/lib/gcc/avr/4.8.1/../../../../avr/lib/avr5/libm.a(gesf2.o)
                                                  /usr/local/CrossPack-AVR-20131216/lib/gcc/avr/4.8.1/../../../../avr/lib/avr5/libm.a(cmpsf2.o)
__fp_inf                                          /usr/local/CrossPack-AVR-20131216/lib/gcc/avr/4.8.1/../../../../avr/lib/avr5/libm.a(fp_inf.o)
                                                  /usr/local/CrossPack-AVR-20131216/lib/gcc/avr/4.8.1/../../../../avr/lib/avr5/libm.a(mulsf3x.o)
__fp_nan                                          /usr/local/CrossPack-AVR-20131216/lib/gcc/avr/4.8.1/../../../../avr/lib/avr5/libm.a(fp_nan.o)
                                                  /usr/local/CrossPack-AVR-20131216/lib/gcc/avr/4.8.1/../../../../avr/lib/avr5/libm.a(mulsf3x.o)
__fp_pscA                                         /usr/local/CrossPack-AVR-20131216/lib/gcc/avr/4.8.1/../../../../avr/lib/avr5/libm.a(fp_pscA.o)
                                                  /usr/local/CrossPack-AVR-20131216/lib/gcc/avr/4.8.1/../../../../avr/lib/avr5/libm.a(mulsf3x.o)
__fp_pscB                                         /usr/local/CrossPack-AVR-20131216/lib/gcc/avr/4.8.1/../../../../avr/lib/avr5/libm.a(fp_pscB.o)
                                                  /usr/local/CrossPack-AVR-20131216/lib/gcc/avr/4.8.1/../../../../avr/lib/avr5/libm.a(mulsf3x.o)
__fp_round                                        /usr/local/CrossPack-AVR-20131216/lib/gcc/avr/4.8.1/../../../../avr/lib/avr5/libm.a(fp_round.o)
                                                  /usr/local/CrossPack-AVR-20131216/lib/gcc/avr/4.8.1/../../../../avr/lib/avr5/libm.a(mulsf3.o)
__fp_split3                                       /usr/local/CrossPack-AVR-20131216/lib/gcc/avr/4.8.1/../../../../avr/lib/avr5/libm.a(fp_split3.o)
                                                  /usr/local/CrossPack-AVR-20131216/lib/gcc/avr/4.8.1/../../../../avr/lib/avr5/libm.a(mulsf3x.o)
__fp_splitA                                       /usr/local/CrossPack-AVR-20131216/lib/gcc/avr/4.8.1/../../../../avr/lib/avr5/libm.a(fp_split3.o)
                                                  /usr/local/CrossPack-AVR-20131216/lib/gcc/avr/4.8.1/../../../../avr/lib/avr5/libm.a(fixunssfsi.o)
__fp_szero                                        /usr/local/CrossPack-AVR-20131216/lib/gcc/avr/4.8.1/../../../../avr/lib/avr5/libm.a(fp_zero.o)
                                                  /usr/local/CrossPack-AVR-20131216/lib/gcc/avr/4.8.1/../../../../avr/lib/avr5/libm.a(mulsf3x.o)
__fp_zero                                         /usr/local/CrossPack-AVR-20131216/lib/gcc/avr/4.8.1/../../../../avr/lib/avr5/libm.a(fp_zero.o)
                                                  /usr/local/CrossPack-AVR-20131216/lib/gcc/avr/4.8.1/../../../../avr/lib/avr5/libm.a(fixunssfsi.o)
__gesf2                                           /usr/local/CrossPack-AVR-20131216/lib/gcc/avr/4.8.1/../../../../avr/lib/avr5/libm.a(gesf2.o)
__gtsf2                                           /usr/local/CrossPack-AVR-20131216/lib/gcc/avr/4.8.1/../../../../avr/lib/avr5/libm.a(gesf2.o)
                                                  labth2.o
__heap_end                                        /usr/local/CrossPack-AVR-20131216/lib/gcc/avr/4.8.1/../../../../avr/lib/avr5/crtm328p.o
__init                                            /usr/local/CrossPack-AVR-20131216/lib/gcc/avr/4.8.1/../../../../avr/lib/avr5/crtm328p.o
__lesf2                                           /usr/local/CrossPack-AVR-20131216/lib/gcc/avr/4.8.1/../../../../avr/lib/avr5/libm.a(cmpsf2.o)
__ltsf2                                           /usr/local/CrossPack-AVR-20131216/lib/gcc/avr/4.8.1/../../../../avr/lib/avr5/libm.a(cmpsf2.o)
                                                  labth2.o
__mulsf3                                          /usr/local/CrossPack-AVR-20131216/lib/gcc/avr/4.8.1/../../../../avr/lib/avr5/libm.a(mulsf3.o)
                                                  labth2.o
__mulsf3_pse                                      /usr/local/CrossPack-AVR-20131216/lib/gcc/avr/4.8.1/../../../../avr/lib/avr5/libm.a(mulsf3x.o)
__mulsf3x                                         /usr/local/CrossPack-AVR-20131216/lib/gcc/avr/4.8.1/../../../../avr/lib/avr5/libm.a(mulsf3x.o)
                                                  /usr/local/CrossPack-AVR-20131216/lib/gcc/avr/4.8.1/../../../../avr/lib/avr5/libm.a(mulsf3.o)
__mulsi3                                          /usr/local/CrossPack-AVR-20131216/lib/gcc/avr/4.8.1/avr5/libgcc.a(_mulsi3.o)
                                                  labth2.o
__muluhisi3                                       /usr/local/CrossPack-AVR-20131216/lib/gcc/avr/4.8.1/avr5/libgcc.a(_muluhisi3.o)
                                                  /usr/local/CrossPack-AVR-20131216/lib/gcc/avr/4.8.1/avr5/libgcc.a(_mulsi3.o)
__nesf2                                           /usr/local/CrossPack-AVR-20131216/lib/gcc/avr/4.8.1/../../../../avr/lib/avr5/libm.a(cmpsf2.o)
__prologue_saves__                                /usr/local/CrossPack-AVR-20131216/lib/gcc/avr/4.8.1/avr5/libgcc.a(_prologue.o)
                                                  /usr/local/CrossPack-AVR-20131216/lib/gcc/avr/4.8.1/../../../../avr/lib/avr5/libc.a(vfprintf_std.o)
                                                  /usr/local/CrossPack-AVR-20131216/lib/gcc/avr/4.8.1/../../../../avr/lib/avr5/libc.a(sprintf.o)
__stack                                           /usr/local/CrossPack-AVR-20131216/lib/gcc/avr/4.8.1/../../../../avr/lib/avr5/crtm328p.o
__udivmodsi4                                      /usr/local/CrossPack-AVR-20131216/lib/gcc/avr/4.8.1/avr5/libgcc.a(_udivmodsi4.o)
                                                  labth2.o
__ultoa_invert                                    /usr/local/CrossPack-AVR-20131216/lib/gcc/avr/4.8.1/../../../../avr/lib/avr5/libc.a(ultoa_invert.o)
                                                  /usr/local/CrossPack-AVR-20131216/lib/gcc/avr/4.8.1/../../../../avr/lib/avr5/libc.a(vfprintf_std.o)
__umulhisi3                                       /usr/local/CrossPack-AVR-20131216/lib/gcc/avr/4.8.1/avr5/libgcc.a(_umulhisi3.o)
                                                  /usr/local/CrossPack-AVR-20131216/lib/gcc/avr/4.8.1/avr5/libgcc.a(_muluhisi3.o)
__vector_1                                        /usr/local/CrossPack-AVR-20131216/lib/gcc/avr/4.8.1/../../../../avr/lib/avr5/crtm328p.o
__vector_10                                       /usr/local/CrossPack-AVR-20131216/lib/gcc/avr/4.8.1/../../../../avr/lib/avr5/crtm328p.o
__vector_11                                       /usr/local/CrossPack-AVR-20131216/lib/gcc/avr/4.8.1/../../../../avr/lib/avr5/crtm328p.o
__vector_12                                       /usr/local/CrossPack-AVR-20131216/lib/gcc/avr/4.8.1/../../../../avr/lib/avr5/crtm328p.o
__vector_13                                       /usr/local/CrossPack-AVR-20131216/lib/gcc/avr/4.8.1/../../../../avr/lib/avr5/crtm328p.o
__vector_14                                       /usr/local/CrossPack-AVR-20131216/lib/gcc/avr/4.8.1/../../../../avr/lib/avr5/crtm328p.o
__vector_15                                       /usr/local/CrossPack-AVR-20131216/lib/gcc/avr/4.8.1/../../../../avr/lib/avr5/crtm328p.o
__vector_16                                       /usr/local/CrossPack-AVR-20131216/lib/gcc/avr/4.8.1/../../../../avr/lib/avr5/crtm328p.o
__vector_17                                       /usr/local/CrossPack-AVR-20131216/lib/gcc/avr/4.8.1/../../../../avr/lib/avr5/crtm328p.o
__vector_18                                       /usr/local/CrossPack-AVR-20131216/lib/gcc/avr/4.8.1/../../../../avr/lib/avr5/crtm328p.o
__vector_19                                       /usr/local/CrossPack-AVR-20131216/lib/gcc/avr/4.8.1/../../../../avr/lib/avr5/crtm328p.o
__vector_2                                        /usr/local/CrossPack-AVR-20131216/lib/gcc/avr/4.8.1/../../../../avr/lib/avr5/crtm328p.o
__vector_20                                       /usr/local/CrossPack-AVR-20131216/lib/gcc/avr/4.8.1/../../../../avr/lib/avr5/crtm328p.o
__vector_21                                       /usr/local/CrossPack-AVR-20131216/lib/gcc/avr/4.8.1/../../../../avr/lib/avr5/crtm328p.o
__vector_22                                       /usr/local/CrossPack-AVR-20131216/lib/gcc/avr/4.8.1/../../../../avr/lib/avr5/crtm328p.o
__vector_23                                       /usr/local/CrossPack-AVR-20131216/lib/gcc/avr/4.8.1/../../../../avr/lib/avr5/crtm328p.o
__vector_24                                       /usr/local/CrossPack-AVR-20131216/lib/gcc/avr/4.8.1/../../../../avr/lib/avr5/crtm328p.o
__vector_25                                       /usr/local/CrossPack-AVR-20131216/lib/gcc/avr/4.8.1/../../../../avr/lib/avr5/crtm328p.o
__vector_3                                        /usr/local/CrossPack-AVR-20131216/lib/gcc/avr/4.8.1/../../../../avr/lib/avr5/crtm328p.o
__vector_4                                        /usr/local/CrossPack-AVR-20131216/lib/gcc/avr/4.8.1/../../../../avr/lib/avr5/crtm328p.o
__vector_5                                        /usr/local/CrossPack-AVR-20131216/lib/gcc/avr/4.8.1/../../../../avr/lib/avr5/crtm328p.o
__vector_6                                        /usr/local/CrossPack-AVR-20131216/lib/gcc/avr/4.8.1/../../../../avr/lib/avr5/crtm328p.o
__vector_7                                        /usr/local/CrossPack-AVR-20131216/lib/gcc/avr/4.8.1/../../../../avr/lib/avr5/crtm328p.o
__vector_8                                        /usr/local/CrossPack-AVR-20131216/lib/gcc/avr/4.8.1/../../../../avr/lib/avr5/crtm328p.o
__vector_9                                        /usr/local/CrossPack-AVR-20131216/lib/gcc/avr/4.8.1/../../../../avr/lib/avr5/crtm328p.o
__vector_default                                  /usr/local/CrossPack-AVR-20131216/lib/gcc/avr/4.8.1/../../../../avr/lib/avr5/crtm328p.o
__vectors                                         /usr/local/CrossPack-AVR-20131216/lib/gcc/avr/4.8.1/../../../../avr/lib/avr5/crtm328p.o
_exit                                             /usr/local/CrossPack-AVR-20131216/lib/gcc/avr/4.8.1/avr5/libgcc.a(_exit.o)
exit                                              /usr/local/CrossPack-AVR-20131216/lib/gcc/avr/4.8.1/avr5/libgcc.a(_exit.o)
                                                  /usr/local/CrossPack-AVR-20131216/lib/gcc/avr/4.8.1/../../../../avr/lib/avr5/crtm328p.o
fputc                                             /usr/local/CrossPack-AVR-20131216/lib/gcc/avr/4.8.1/../../../../avr/lib/avr5/libc.a(fputc.o)
                                                  /usr/local/CrossPack-AVR-20131216/lib/gcc/avr/4.8.1/../../../../avr/lib/avr5/libc.a(vfprintf_std.o)
main                                              labth2.o
                                                  /usr/local/CrossPack-AVR-20131216/lib/gcc/avr/4.8.1/../../../../avr/lib/avr5/crtm328p.o
memset                                            /usr/local/CrossPack-AVR-20131216/lib/gcc/avr/4.8.1/../../../../avr/lib/avr5/libc.a(memset.o)
                                                  labth2.o
sprintf                                           /usr/local/CrossPack-AVR-20131216/lib/gcc/avr/4.8.1/../../../../avr/lib/avr5/libc.a(sprintf.o)
                                                  labth2.o
strnlen                                           /usr/local/CrossPack-AVR-20131216/lib/gcc/avr/4.8.1/../../../../avr/lib/avr5/libc.a(strnlen.o)
                                                  /usr/local/CrossPack-AVR-20131216/lib/gcc/avr/4.8.1/../../../../avr/lib/avr5/libc.a(vfprintf_std.o)
strnlen_P                                         /usr/local/CrossPack-AVR-20131216/lib/gcc/avr/4.8.1/../../../../avr/lib/avr5/libc.a(strnlen_P.o)
                                                  /usr/local/CrossPack-AVR-20131216/lib/gcc/avr/4.8.1/../../../../avr/lib/avr5/libc.a(vfprintf_std.o)
vfprintf                                          /usr/local/CrossPack-AVR-20131216/lib/gcc/avr/4.8.1/../../../../avr/lib/avr5/libc.a(vfprintf_std.o)
                                                  /usr/local/CrossPack-AVR-20131216/lib/gcc/avr/4.8.1/../../../../avr/lib/avr5/libc.a(sprintf.o)
